103.141.20.102 - - [15/Aug/2025:09:15:10 +0700] "GET / HTTP/1.1" 200 12541 "https://www.google.com/" "Mozilla/5.0 (Windows NT 10.0; Win64; x64) AppleWebKit/537.36 (KHTML, like Gecko) Chrome/115.0.0.0 Safari/537.36"
103.141.20.102 - - [15/Aug/2025:09:15:12 +0700] "GET /assets/style.css HTTP/1.1" 200 5820 "http://localhost/proyek-logger/" "Mozilla/5.0 (Windows NT 10.0; Win64; x64) AppleWebKit/537.36 (KHTML, like Gecko) Chrome/115.0.0.0 Safari/537.36"
103.141.20.102 - - [15/Aug/2025:09:15:13 +0700] "GET /images/logo.png HTTP/1.1" 200 8951 "http://localhost/proyek-logger/" "Mozilla/5.0 (Windows NT 10.0; Win64; x64) AppleWebKit/537.36 (KHTML, like Gecko) Chrome/115.0.0.0 Safari/537.36"
1.1.1.1 - - [15/Aug/2025:09:20:05 +0700] "GET /profil-desa.html HTTP/1.1" 200 9870 "https://www.google.com/" "Mozilla/5.0 (Macintosh; Intel Mac OS X 10_15_7) AppleWebKit/537.36 (KHTML, like Gecko) Chrome/115.0.0.0 Safari/537.36"
1.1.1.1 - - [15/Aug/2025:09:20:07 +0700] "GET /images/kantor-desa.jpg HTTP/1.1" 200 152030 "http://localhost/proyek-logger/profil-desa.html" "Mozilla/5.0 (Macintosh; Intel Mac OS X 10_15_7) AppleWebKit/537.36 (KHTML, like Gecko) Chrome/115.0.0.0 Safari/537.36"
180.252.100.34 - - [15/Aug/2025:10:05:30 +0700] "GET /berita/kegiatan-17-agustus.html HTTP/1.1" 200 11250 "https://www.facebook.com/" "Mozilla/5.0 (Linux; Android 13; SM-A528B) AppleWebKit/537.36 (KHTML, like Gecko) Chrome/114.0.0.0 Mobile Safari/537.36"
8.8.8.8 - - [15/Aug/2025:10:11:01 +0700] "GET /kontak.html HTTP/1.1" 200 4500 "-" "Mozilla/5.0 (X11; Ubuntu; Linux x86_64; rv:109.0) Gecko/20100101 Firefox/115.0"
103.141.20.102 - - [15/Aug/2025:11:30:15 +0700] "GET /berita/kegiatan-17-agustus.html HTTP/1.1" 200 11251 "-" "Mozilla/5.0 (Windows NT 10.0; Win64; x64) AppleWebKit/537.36 (KHTML, like Gecko) Chrome/115.0.0.0 Safari/537.36"
45.12.110.5 - - [15/Aug/2025:11:45:00 +0700] "GET /admin/ HTTP/1.1" 403 1245 "-" "Mozilla/5.0 (Windows NT 10.0; Win64; x64) AppleWebKit/537.36 (KHTML, like Gecko) Chrome/115.0.0.0 Safari/537.36"
45.12.110.5 - - [15/Aug/2025:11:45:02 +0700] "GET /administrator/ HTTP/1.1" 404 146 "-" "Mozilla/5.0 (Windows NT 10.0; Win64; x64) AppleWebKit/537.36 (KHTML, like Gecko) Chrome/115.0.0.0 Safari/537.36"
45.12.110.5 - - [15/Aug/2025:11:45:03 +0700] "GET /wp-login.php HTTP/1.1" 404 146 "-" "Mozilla/5.0 (Windows NT 10.0; Win64; x64) AppleWebKit/537.36 (KHTML, like Gecko) Chrome/115.0.0.0 Safari/537.36"
66.249.66.1 - - [15/Aug/2025:12:00:01 +0700] "GET / HTTP/1.1" 200 12541 "-" "Mozilla/5.0 (compatible; Googlebot/2.1; +http://www.google.com/bot.html)"
66.249.66.1 - - [15/Aug/2025:12:00:03 +0700] "GET /profil-desa.html HTTP/1.1" 200 9870 "-" "Mozilla/5.0 (compatible; Googlebot/2.1; +http://www.google.com/bot.html)"
180.252.100.34 - - [15/Aug/2025:12:30:10 +0700] "GET / HTTP/1.1" 200 12541 "-" "Mozilla/5.0 (Linux; Android 13; SM-A528B) AppleWebKit/537.36 (KHTML, like Gecko) Chrome/114.0.0.0 Mobile Safari/537.36"
1.1.1.1 - - [15/Aug/2025:13:00:00 +0700] "GET /berita/kegiatan-17-agustus.html HTTP/1.1" 200 11250 "-" "Mozilla/5.0 (Macintosh; Intel Mac OS X 10_15_7) AppleWebKit/537.36 (KHTML, like Gecko) Chrome/115.0.0.0 Safari/537.36"
1.1.1.1 - - [15/Aug/2025:13:00:02 +0700] "POST /kontak.html HTTP/1.1" 200 2100 "http://localhost/proyek-logger/kontak.html" "Mozilla/5.0 (Macintosh; Intel Mac OS X 10_15_7) AppleWebKit/537.36 (KHTML, like Gecko) Chrome/115.0.0.0 Safari/537.36"
203.190.10.2 - - [15/Aug/2025:13:15:45 +0700] "GET /galeri.php HTTP/1.1" 404 146 "-" "Mozilla/5.0 (Windows NT 10.0; Win64; x64; rv:109.0) Gecko/20100101 Firefox/116.0"
8.8.8.8 - - [15/Aug/2025:14:02:11 +0700] "GET / HTTP/1.1" 200 12542 "-" "Mozilla/5.0 (X11; Ubuntu; Linux x86_64; rv:109.0) Gecko/20100101 Firefox/115.0"
8.8.8.8 - - [15/Aug/2025:14:02:13 +0700] "GET /profil-desa.html HTTP/1.1" 200 9871 "-" "Mozilla/5.0 (X11; Ubuntu; Linux x86_64; rv:109.0) Gecko/20100101 Firefox/115.0"
103.141.20.102 - - [15/Aug/2025:14:30:00 +0700] "GET / HTTP/1.1" 200 12541 "-" "Mozilla/5.0 (Windows NT 10.0; Win64; x64) AppleWebKit/537.36 (KHTML, like Gecko) Chrome/115.0.0.0 Safari/537.36"
157.240.22.35 - - [15/Aug/2025:15:00:05 +0700] "GET / HTTP/1.1" 200 12541 "-" "Mozilla/5.0 (compatible; FacebookExternalHit/1.1; +http://www.facebook.com/externalhit_uatext.php)"
180.252.100.34 - - [15/Aug/2025:15:22:10 +0700] "GET /kontak.html HTTP/1.1" 200 4501 "-" "Mozilla/5.0 (Linux; Android 13; SM-A528B) AppleWebKit/537.36 (KHTML, like Gecko) Chrome/114.0.0.0 Mobile Safari/537.36"
1.1.1.1 - - [15/Aug/2025:16:01:02 +0700] "GET /profil-desa.html HTTP/1.1" 200 9870 "-" "Mozilla/5.0 (Macintosh; Intel Mac OS X 10_15_7) AppleWebKit/537.36 (KHTML, like Gecko) Chrome/115.0.0.0 Safari/537.36"
45.12.110.5 - - [15/Aug/2025:16:15:30 +0700] "GET /.env HTTP/1.1" 404 146 "-" "Mozilla/5.0 (Windows NT 10.0; Win64; x64) AppleWebKit/537.36 (KHTML, like Gecko) Chrome/115.0.0.0 Safari/537.36"
8.8.4.4 - - [15/Aug/2025:17:00:00 +0700] "GET /old-page HTTP/1.1" 301 162 "-" "Mozilla/5.0 (Windows NT 10.0; Win64; x64) AppleWebKit/537.36 (KHTML, like Gecko) Chrome/115.0.0.0 Safari/537.36"
8.8.4.4 - - [15/Aug/2025:17:00:01 +0700] "GET /new-page.html HTTP/1.1" 200 6000 "-" "Mozilla/5.0 (Windows NT 10.0; Win64; x64) AppleWebKit/537.36 (KHTML, like Gecko) Chrome/115.0.0.0 Safari/537.36"
103.141.20.102 - - [15/Aug/2025:17:30:10 +0700] "GET / HTTP/1.1" 200 12541 "-" "Mozilla/5.0 (Windows NT 10.0; Win64; x64) AppleWebKit/537.36 (KHTML, like Gecko) Chrome/115.0.0.0 Safari/537.36"
1.1.1.1 - - [15/Aug/2025:18:00:15 +0700] "GET /berita/kegiatan-17-agustus.html HTTP/1.1" 200 11250 "-" "Mozilla/5.0 (Macintosh; Intel Mac OS X 10_15_7) AppleWebKit/537.36 (KHTML, like Gecko) Chrome/115.0.0.0 Safari/537.36"
180.252.100.34 - - [15/Aug/2025:18:45:00 +0700] "GET /profil-desa.html HTTP/1.1" 200 9870 "-" "Mozilla/5.0 (Linux; Android 13; SM-A528B) AppleWebKit/537.36 (KHTML, like Gecko) Chrome/114.0.0.0 Mobile Safari/537.36"
203.190.10.2 - - [15/Aug/2025:19:00:01 +0700] "GET /config.php.bak HTTP/1.1" 404 146 "-" "Mozilla/5.0 (Windows NT 10.0; Win64; x64; rv:109.0) Gecko/20100101 Firefox/116.0"
8.8.8.8 - - [15/Aug/2025:19:30:20 +0700] "GET /kontak.html HTTP/1.1" 200 4500 "-" "Mozilla/5.0 (X11; Ubuntu; Linux x86_64; rv:109.0) Gecko/20100101 Firefox/115.0"
103.141.20.102 - - [15/Aug/2025:20:00:00 +0700] "GET / HTTP/1.1" 200 12541 "-" "Mozilla/5.0 (Windows NT 10.0; Win64; x64) AppleWebKit/537.36 (KHTML, like Gecko) Chrome/115.0.0.0 Safari/537.36"
157.240.22.35 - - [15/Aug/2025:20:15:15 +0700] "GET /profil-desa.html HTTP/1.1" 200 9870 "-" "Mozilla/5.0 (compatible; FacebookExternalHit/1.1; +http://www.facebook.com/externalhit_uatext.php)"
1.1.1.1 - - [15/Aug/2025:21:00:05 +0700] "GET / HTTP/1.1" 200 12541 "-" "Mozilla/5.0 (Macintosh; Intel Mac OS X 10_15_7) AppleWebKit/537.36 (KHTML, like Gecko) Chrome/115.0.0.0 Safari/537.36"
45.12.110.5 - - [15/Aug/2025:21:30:30 +0700] "POST /wp-login.php HTTP/1.1" 404 146 "-" "Mozilla/5.0 (Windows NT 10.0; Win64; x64) AppleWebKit/537.36 (KHTML, like Gecko) Chrome/115.0.0.0 Safari/537.36"
66.249.66.1 - - [15/Aug/2025:22:00:10 +0700] "GET /berita/kegiatan-17-agustus.html HTTP/1.1" 200 11250 "-" "Mozilla/5.0 (compatible; Googlebot/2.1; +http://www.google.com/bot.html)"
180.252.100.34 - - [15/Aug/2025:22:30:00 +0700] "GET / HTTP/1.1" 200 12541 "-" "Mozilla/5.0 (Linux; Android 13; SM-A528B) AppleWebKit/537.36 (KHTML, like Gecko) Chrome/114.0.0.0 Mobile Safari/537.36"
8.8.4.4 - - [15/Aug/2025:23:00:02 +0700] "GET / HTTP/1.1" 200 12541 "-" "Mozilla/5.0 (Windows NT 10.0; Win64; x64) AppleWebKit/537.36 (KHTML, like Gecko) Chrome/115.0.0.0 Safari/537.36"
103.141.20.102 - - [15/Aug/2025:23:30:30 +0700] "GET /kontak.html HTTP/1.1" 200 4500 "-" "Mozilla/5.0 (Windows NT 10.0; Win64; x64) AppleWebKit/537.36 (KHTML, like Gecko) Chrome/115.0.0.0 Safari/537.36"
203.190.10.2 - - [16/Aug/2025:00:01:01 +0700] "GET /phpinfo.php HTTP/1.1" 404 146 "-" "Mozilla/5.0 (Windows NT 10.0; Win64; x64; rv:109.0) Gecko/20100101 Firefox/116.0"
1.1.1.1 - - [16/Aug/2025:00:30:10 +0700] "GET /profil-desa.html HTTP/1.1" 200 9870 "-" "Mozilla/5.0 (Macintosh; Intel Mac OS X 10_15_7) AppleWebKit/537.36 (KHTML, like Gecko) Chrome/115.0.0.0 Safari/537.36"
8.8.8.8 - - [16/Aug/2025:01:00:00 +0700] "GET / HTTP/1.1" 200 12541 "-" "Mozilla/5.0 (X11; Ubuntu; Linux x86_64; rv:109.0) Gecko/20100101 Firefox/115.0"
45.12.110.5 - - [16/Aug/2025:01:15:00 +0700] "GET /xmlrpc.php HTTP/1.1" 404 146 "-" "Mozilla/5.0 (Windows NT 10.0; Win64; x64) AppleWebKit/537.36 (KHTML, like Gecko) Chrome/115.0.0.0 Safari/537.36"
180.252.100.34 - - [16/Aug/2025:01:30:05 +0700] "GET /berita/kegiatan-17-agustus.html HTTP/1.1" 200 11250 "-" "Mozilla/5.0 (Linux; Android 13; SM-A528B) AppleWebKit/537.36 (KHTML, like Gecko) Chrome/114.0.0.0 Mobile Safari/537.36"
1.0.0.1 - - [16/Aug/2025:01:45:10 +0700] "GET / HTTP/1.1" 200 12541 "https://www.bing.com/" "Mozilla/5.0 (Windows NT 10.0; Win64; x64) AppleWebKit/537.36 (KHTML, like Gecko) Chrome/115.0.0.0 Safari/537.36"
66.249.66.1 - - [16/Aug/2025:02:00:15 +0700] "GET /kontak.html HTTP/1.1" 200 4500 "-" "Mozilla/5.0 (compatible; Googlebot/2.1; +http://www.google.com/bot.html)"
103.141.20.102 - - [16/Aug/2025:02:15:20 +0700] "GET /profil-desa.html HTTP/1.1" 200 9870 "-" "Mozilla/5.0 (Windows NT 10.0; Win64; x64) AppleWebKit/537.36 (KHTML, like Gecko) Chrome/115.0.0.0 Safari/537.36"
8.8.4.4 - - [16/Aug/2025:02:30:00 +0700] "GET /server-status HTTP/1.1" 403 1245 "-" "Mozilla/5.0 (Windows NT 10.0; Win64; x64) AppleWebKit/537.36 (KHTML, like Gecko) Chrome/115.0.0.0 Safari/537.36"
157.240.22.35 - - [16/Aug/2025:02:45:00 +0700] "GET / HTTP/1.1" 200 12541 "-" "Mozilla/5.0 (compatible; FacebookExternalHit/1.1; +http://www.facebook.com/externalhit_uatext.php)"